
> lugn-trygg-webapp@1.0.0 build
> npx vite build

[36mvite v5.4.21 [32mbuilding for production...[36m[39m
transforming...
[32m✓[39m 195 modules transformed.

✨ [vite-plugin-compression]:algorithm=gzip - compressed file successfully: 
dist/C:/Projekt/Lugn-Trygg-main_klar/assets/js/AIStories-C2KJ_g17.js.gz                 7.85kb / gzip: 2.67kb
dist/C:/Projekt/Lugn-Trygg-main_klar/assets/css/analytics-routes-CXEodBm6.css.gz        21.51kb / gzip: 4.41kb
dist/C:/Projekt/Lugn-Trygg-main_klar/assets/js/BadgeDisplay-CacbVFMR.js.gz              10.17kb / gzip: 3.01kb
dist/C:/Projekt/Lugn-Trygg-main_klar/assets/js/analytics-AGjo553u.js.gz                 10.06kb / gzip: 3.83kb
dist/C:/Projekt/Lugn-Trygg-main_klar/assets/js/FeedbackForm-BAqEJ-kW.js.gz              12.27kb / gzip: 3.85kb
dist/C:/Projekt/Lugn-Trygg-main_klar/assets/js/fetch-BsQyUVto.js.gz                     9.49kb / gzip: 3.29kb
dist/C:/Projekt/Lugn-Trygg-main_klar/assets/js/CrisisAlert-DzmrmQ8U.js.gz               5.28kb / gzip: 1.58kb
dist/C:/Projekt/Lugn-Trygg-main_klar/assets/js/DailyInsights-Cw4Ub597.js.gz             4.91kb / gzip: 1.92kb
dist/C:/Projekt/Lugn-Trygg-main_klar/assets/js/firebase-config-BnTm8i7u.js.gz           1.23kb / gzip: 0.70kb
dist/C:/Projekt/Lugn-Trygg-main_klar/assets/js/GamificationSystem-Cb2QSVnZ.js.gz        7.89kb / gzip: 2.54kb
dist/C:/Projekt/Lugn-Trygg-main_klar/assets/js/HealthMonitoring-w_3Nkc9_.js.gz          13.54kb / gzip: 3.78kb
dist/C:/Projekt/Lugn-Trygg-main_klar/assets/js/index-CxEWTeHd.js.gz                     2.48kb / gzip: 1.17kb
dist/C:/Projekt/Lugn-Trygg-main_klar/assets/js/GroupChallenges-CReg8ye4.js.gz           11.71kb / gzip: 3.22kb
dist/C:/Projekt/Lugn-Trygg-main_klar/assets/js/InsightsHub-G5h9R-uM.js.gz               12.89kb / gzip: 3.57kb
dist/C:/Projekt/Lugn-Trygg-main_klar/assets/js/http-mVqY11TA.js.gz                      37.24kb / gzip: 14.38kb
dist/C:/Projekt/Lugn-Trygg-main_klar/assets/js/JournalList-PKYac9JT.js.gz               10.99kb / gzip: 3.42kb
dist/C:/Projekt/Lugn-Trygg-main_klar/assets/js/JournalHub-CmPi5aJ1.js.gz                18.45kb / gzip: 4.97kb
dist/C:/Projekt/Lugn-Trygg-main_klar/assets/js/LanguageSwitcher-Bc13pNrj.js.gz          1.25kb / gzip: 0.70kb
dist/C:/Projekt/Lugn-Trygg-main_klar/assets/js/Leaderboard-DI8V6j1c.js.gz               8.50kb / gzip: 2.85kb
dist/C:/Projekt/Lugn-Trygg-main_klar/assets/js/offlineStorage-HG7-5Di1.js.gz            2.35kb / gzip: 0.87kb
dist/C:/Projekt/Lugn-Trygg-main_klar/assets/js/MemoryRecorder--h89M-Kk.js.gz            2.92kb / gzip: 1.44kb
dist/C:/Projekt/Lugn-Trygg-main_klar/assets/js/MemoryList-7syTBg-S.js.gz                4.57kb / gzip: 1.95kb
dist/C:/Projekt/Lugn-Trygg-main_klar/assets/js/main-CKzrFlhb.js.gz                      42.87kb / gzip: 11.99kb
dist/C:/Projekt/Lugn-Trygg-main_klar/assets/js/OnboardingFlow-CHLPflfP.js.gz            9.62kb / gzip: 3.36kb
dist/C:/Projekt/Lugn-Trygg-main_klar/assets/js/PeerSupportChat-CHxWvZeK.js.gz           17.52kb / gzip: 5.06kb
dist/C:/Projekt/Lugn-Trygg-main_klar/assets/js/PrivacySettings-jFREQOZ-.js.gz           18.16kb / gzip: 4.46kb
dist/C:/Projekt/Lugn-Trygg-main_klar/assets/js/ProtectedAppShell-Da6eF42H.js.gz         22.05kb / gzip: 6.43kb
dist/C:/Projekt/Lugn-Trygg-main_klar/assets/js/OAuthHealthIntegrations-DXYaU-qo.js.gz   23.52kb / gzip: 6.51kb
dist/C:/Projekt/Lugn-Trygg-main_klar/assets/js/ProfileHub-DKSeiS0D.js.gz                22.43kb / gzip: 5.60kb
dist/C:/Projekt/Lugn-Trygg-main_klar/assets/js/RelaxingSounds-vCQl7xpD.js.gz            9.78kb / gzip: 2.91kb
dist/C:/Projekt/Lugn-Trygg-main_klar/assets/js/ReferralProgram-DZMeHJIQ.js.gz           27.96kb / gzip: 6.25kb
dist/C:/Projekt/Lugn-Trygg-main_klar/assets/js/runtime-rklVeakE.js.gz                   6.92kb / gzip: 2.61kb
dist/C:/Projekt/Lugn-Trygg-main_klar/assets/js/RewardsHub-CWGFSLif.js.gz                16.74kb / gzip: 3.95kb
dist/C:/Projekt/Lugn-Trygg-main_klar/assets/js/StoryInsights-BCzyjH8i.js.gz             7.42kb / gzip: 2.84kb
dist/C:/Projekt/Lugn-Trygg-main_klar/assets/js/TestingStrategy-Bi9v_mL6.js.gz           13.40kb / gzip: 2.76kb
dist/C:/Projekt/Lugn-Trygg-main_klar/assets/js/SocialHub-BRIYTrYO.js.gz                 12.96kb / gzip: 2.91kb
dist/C:/Projekt/Lugn-Trygg-main_klar/assets/js/SubscriptionForm-d7S3ACPO.js.gz          2.24kb / gzip: 1.11kb
dist/C:/Projekt/Lugn-Trygg-main_klar/assets/js/TestSuite-BobpgoBY.js.gz                 9.24kb / gzip: 2.41kb
dist/C:/Projekt/Lugn-Trygg-main_klar/assets/js/UpgradePage-BkrWq1r9.js.gz               11.25kb / gzip: 3.29kb
dist/C:/Projekt/Lugn-Trygg-main_klar/assets/js/TestPage-C0a4PVNt.js.gz                  6.45kb / gzip: 1.61kb
dist/C:/Projekt/Lugn-Trygg-main_klar/assets/js/WeeklyAnalysis-CZgIcRD5.js.gz            5.52kb / gzip: 1.83kb
dist/C:/Projekt/Lugn-Trygg-main_klar/images/dashboard-hero-breathe.svg.gz               4.17kb / gzip: 1.39kb
dist/C:/Projekt/Lugn-Trygg-main_klar/assets/js/VoiceChat-BM7XlDEN.js.gz                 7.83kb / gzip: 2.96kb
dist/C:/Projekt/Lugn-Trygg-main_klar/assets/js/WellnessHub-BVc71uMy.js.gz               20.15kb / gzip: 5.00kb
dist/C:/Projekt/Lugn-Trygg-main_klar/coming-soon.html.gz                                4.47kb / gzip: 1.55kb
dist/C:/Projekt/Lugn-Trygg-main_klar/error-fallback.html.gz                             2.17kb / gzip: 1.01kb
dist/C:/Projekt/Lugn-Trygg-main_klar/images/dashboard-hero-fallback.svg.gz              1.77kb / gzip: 0.63kb
dist/C:/Projekt/Lugn-Trygg-main_klar/react-shim.js.gz                                   2.06kb / gzip: 0.88kb
dist/C:/Projekt/Lugn-Trygg-main_klar/login.html.gz                                      4.90kb / gzip: 1.83kb
dist/C:/Projekt/Lugn-Trygg-main_klar/sw.js.gz                                           5.15kb / gzip: 1.75kb
dist/C:/Projekt/Lugn-Trygg-main_klar/assets/js/WorldClassMoodLogger-Dmyt-p59.js.gz      19.11kb / gzip: 6.42kb
dist/C:/Projekt/Lugn-Trygg-main_klar/index.html.gz                                      13.01kb / gzip: 3.92kb
dist/C:/Projekt/Lugn-Trygg-main_klar/assets/css/index-c166nTga.css.gz                   154.36kb / gzip: 20.28kb
dist/C:/Projekt/Lugn-Trygg-main_klar/assets/css/ProtectedAppShell-B0kSHjqE.css.gz       190.73kb / gzip: 29.01kb
dist/C:/Projekt/Lugn-Trygg-main_klar/assets/js/security-BziU1gjb.js.gz                  64.95kb / gzip: 24.57kb
dist/C:/Projekt/Lugn-Trygg-main_klar/assets/js/Recommendations-BofdkFEz.js.gz           116.73kb / gzip: 27.66kb
dist/C:/Projekt/Lugn-Trygg-main_klar/assets/js/utils-DTPYFPOO.js.gz                     69.56kb / gzip: 24.90kb
dist/C:/Projekt/Lugn-Trygg-main_klar/assets/js/animations-DHT_G6U-.js.gz                101.52kb / gzip: 32.88kb
dist/C:/Projekt/Lugn-Trygg-main_klar/assets/js/analytics-routes-Bg1z9zR0.js.gz          228.26kb / gzip: 60.96kb
dist/C:/Projekt/Lugn-Trygg-main_klar/assets/js/dashboard-routes-CjYU0bMP.js.gz          192.61kb / gzip: 52.16kb
dist/C:/Projekt/Lugn-Trygg-main_klar/assets/js/react-core-BhRop_s_.js.gz                163.98kb / gzip: 53.50kb
dist/C:/Projekt/Lugn-Trygg-main_klar/assets/js/index-50Zr9b3g.js.gz                     183.44kb / gzip: 71.75kb
dist/C:/Projekt/Lugn-Trygg-main_klar/assets/js/firebase-BS29P-rn.js.gz                  318.98kb / gzip: 72.45kb



✨ [vite-plugin-compression]:algorithm=brotliCompress - compressed file successfully: 
dist/C:/Projekt/Lugn-Trygg-main_klar/assets/js/CrisisAlert-DzmrmQ8U.js.br               5.28kb / brotliCompress: 1.42kb
dist/C:/Projekt/Lugn-Trygg-main_klar/assets/js/AIStories-C2KJ_g17.js.br                 7.85kb / brotliCompress: 2.40kb
dist/C:/Projekt/Lugn-Trygg-main_klar/assets/css/analytics-routes-CXEodBm6.css.br        21.51kb / brotliCompress: 3.83kb
dist/C:/Projekt/Lugn-Trygg-main_klar/assets/js/BadgeDisplay-CacbVFMR.js.br              10.17kb / brotliCompress: 2.62kb
dist/C:/Projekt/Lugn-Trygg-main_klar/assets/js/analytics-AGjo553u.js.br                 10.06kb / brotliCompress: 3.40kb
dist/C:/Projekt/Lugn-Trygg-main_klar/assets/js/DailyInsights-Cw4Ub597.js.br             4.91kb / brotliCompress: 1.66kb
dist/C:/Projekt/Lugn-Trygg-main_klar/assets/js/fetch-BsQyUVto.js.br                     9.49kb / brotliCompress: 2.91kb
dist/C:/Projekt/Lugn-Trygg-main_klar/assets/js/FeedbackForm-BAqEJ-kW.js.br              12.27kb / brotliCompress: 3.42kb
dist/C:/Projekt/Lugn-Trygg-main_klar/assets/js/firebase-config-BnTm8i7u.js.br           1.23kb / brotliCompress: 0.63kb
dist/C:/Projekt/Lugn-Trygg-main_klar/assets/js/GroupChallenges-CReg8ye4.js.br           11.71kb / brotliCompress: 2.88kb
dist/C:/Projekt/Lugn-Trygg-main_klar/assets/js/GamificationSystem-Cb2QSVnZ.js.br        7.89kb / brotliCompress: 2.23kb
dist/C:/Projekt/Lugn-Trygg-main_klar/assets/js/HealthMonitoring-w_3Nkc9_.js.br          13.54kb / brotliCompress: 3.19kb
dist/C:/Projekt/Lugn-Trygg-main_klar/assets/js/InsightsHub-G5h9R-uM.js.br               12.89kb / brotliCompress: 3.17kb
dist/C:/Projekt/Lugn-Trygg-main_klar/assets/js/index-CxEWTeHd.js.br                     2.48kb / brotliCompress: 1.04kb
dist/C:/Projekt/Lugn-Trygg-main_klar/assets/js/JournalHub-CmPi5aJ1.js.br                18.45kb / brotliCompress: 4.44kb
dist/C:/Projekt/Lugn-Trygg-main_klar/assets/css/index-c166nTga.css.br                   154.36kb / brotliCompress: 15.62kb
dist/C:/Projekt/Lugn-Trygg-main_klar/assets/js/JournalList-PKYac9JT.js.br               10.99kb / brotliCompress: 3.03kb
dist/C:/Projekt/Lugn-Trygg-main_klar/assets/js/Leaderboard-DI8V6j1c.js.br               8.50kb / brotliCompress: 2.53kb
dist/C:/Projekt/Lugn-Trygg-main_klar/assets/js/http-mVqY11TA.js.br                      37.24kb / brotliCompress: 13.02kb
dist/C:/Projekt/Lugn-Trygg-main_klar/assets/js/MemoryList-7syTBg-S.js.br                4.57kb / brotliCompress: 1.75kb
dist/C:/Projekt/Lugn-Trygg-main_klar/assets/js/MemoryRecorder--h89M-Kk.js.br            2.92kb / brotliCompress: 1.26kb
dist/C:/Projekt/Lugn-Trygg-main_klar/assets/js/OAuthHealthIntegrations-DXYaU-qo.js.br   23.52kb / brotliCompress: 5.62kb
dist/C:/Projekt/Lugn-Trygg-main_klar/assets/js/offlineStorage-HG7-5Di1.js.br            2.35kb / brotliCompress: 0.77kb
dist/C:/Projekt/Lugn-Trygg-main_klar/assets/js/PeerSupportChat-CHxWvZeK.js.br           17.52kb / brotliCompress: 4.46kb
dist/C:/Projekt/Lugn-Trygg-main_klar/assets/js/LanguageSwitcher-Bc13pNrj.js.br          1.25kb / brotliCompress: 0.60kb
dist/C:/Projekt/Lugn-Trygg-main_klar/assets/js/OnboardingFlow-CHLPflfP.js.br            9.62kb / brotliCompress: 3.02kb
dist/C:/Projekt/Lugn-Trygg-main_klar/assets/js/main-CKzrFlhb.js.br                      42.87kb / brotliCompress: 10.46kb
dist/C:/Projekt/Lugn-Trygg-main_klar/assets/js/PrivacySettings-jFREQOZ-.js.br           18.16kb / brotliCompress: 3.82kb
dist/C:/Projekt/Lugn-Trygg-main_klar/assets/js/ProfileHub-DKSeiS0D.js.br                22.43kb / brotliCompress: 4.98kb
dist/C:/Projekt/Lugn-Trygg-main_klar/assets/js/RewardsHub-CWGFSLif.js.br                16.74kb / brotliCompress: 3.52kb
dist/C:/Projekt/Lugn-Trygg-main_klar/assets/js/RelaxingSounds-vCQl7xpD.js.br            9.78kb / brotliCompress: 2.58kb
dist/C:/Projekt/Lugn-Trygg-main_klar/assets/js/runtime-rklVeakE.js.br                   6.92kb / brotliCompress: 2.40kb
dist/C:/Projekt/Lugn-Trygg-main_klar/assets/js/ProtectedAppShell-Da6eF42H.js.br         22.05kb / brotliCompress: 5.74kb
dist/C:/Projekt/Lugn-Trygg-main_klar/assets/js/ReferralProgram-DZMeHJIQ.js.br           27.96kb / brotliCompress: 5.55kb
dist/C:/Projekt/Lugn-Trygg-main_klar/assets/js/SubscriptionForm-d7S3ACPO.js.br          2.24kb / brotliCompress: 0.99kb
dist/C:/Projekt/Lugn-Trygg-main_klar/assets/js/SocialHub-BRIYTrYO.js.br                 12.96kb / brotliCompress: 2.58kb
dist/C:/Projekt/Lugn-Trygg-main_klar/assets/js/StoryInsights-BCzyjH8i.js.br             7.42kb / brotliCompress: 2.58kb
dist/C:/Projekt/Lugn-Trygg-main_klar/assets/js/TestSuite-BobpgoBY.js.br                 9.24kb / brotliCompress: 2.11kb
dist/C:/Projekt/Lugn-Trygg-main_klar/assets/js/TestPage-C0a4PVNt.js.br                  6.45kb / brotliCompress: 1.38kb
dist/C:/Projekt/Lugn-Trygg-main_klar/assets/js/TestingStrategy-Bi9v_mL6.js.br           13.40kb / brotliCompress: 2.44kb
dist/C:/Projekt/Lugn-Trygg-main_klar/assets/js/WeeklyAnalysis-CZgIcRD5.js.br            5.52kb / brotliCompress: 1.63kb
dist/C:/Projekt/Lugn-Trygg-main_klar/assets/js/UpgradePage-BkrWq1r9.js.br               11.25kb / brotliCompress: 2.96kb
dist/C:/Projekt/Lugn-Trygg-main_klar/assets/js/WorldClassMoodLogger-Dmyt-p59.js.br      19.11kb / brotliCompress: 5.72kb
dist/C:/Projekt/Lugn-Trygg-main_klar/error-fallback.html.br                             2.17kb / brotliCompress: 0.77kb
dist/C:/Projekt/Lugn-Trygg-main_klar/images/dashboard-hero-fallback.svg.br              1.77kb / brotliCompress: 0.53kb
dist/C:/Projekt/Lugn-Trygg-main_klar/coming-soon.html.br                                4.47kb / brotliCompress: 1.24kb
dist/C:/Projekt/Lugn-Trygg-main_klar/react-shim.js.br                                   2.06kb / brotliCompress: 0.68kb
dist/C:/Projekt/Lugn-Trygg-main_klar/images/dashboard-hero-breathe.svg.br               4.17kb / brotliCompress: 1.21kb
dist/C:/Projekt/Lugn-Trygg-main_klar/assets/js/VoiceChat-BM7XlDEN.js.br                 7.83kb / brotliCompress: 2.64kb
dist/C:/Projekt/Lugn-Trygg-main_klar/login.html.br                                      4.90kb / brotliCompress: 1.50kb
dist/C:/Projekt/Lugn-Trygg-main_klar/index.html.br                                      13.01kb / brotliCompress: 3.26kb
dist/C:/Projekt/Lugn-Trygg-main_klar/sw.js.br                                           5.15kb / brotliCompress: 1.46kb
dist/C:/Projekt/Lugn-Trygg-main_klar/assets/js/WellnessHub-BVc71uMy.js.br               20.15kb / brotliCompress: 4.46kb
dist/C:/Projekt/Lugn-Trygg-main_klar/assets/js/animations-DHT_G6U-.js.br                101.52kb / brotliCompress: 29.30kb
dist/C:/Projekt/Lugn-Trygg-main_klar/assets/css/ProtectedAppShell-B0kSHjqE.css.br       190.73kb / brotliCompress: 22.50kb
dist/C:/Projekt/Lugn-Trygg-main_klar/assets/js/Recommendations-BofdkFEz.js.br           116.73kb / brotliCompress: 23.52kb
dist/C:/Projekt/Lugn-Trygg-main_klar/assets/js/security-BziU1gjb.js.br                  64.95kb / brotliCompress: 20.34kb
dist/C:/Projekt/Lugn-Trygg-main_klar/assets/js/dashboard-routes-CjYU0bMP.js.br          192.61kb / brotliCompress: 44.22kb
dist/C:/Projekt/Lugn-Trygg-main_klar/assets/js/react-core-BhRop_s_.js.br                163.98kb / brotliCompress: 46.66kb
dist/C:/Projekt/Lugn-Trygg-main_klar/assets/js/utils-DTPYFPOO.js.br                     69.56kb / brotliCompress: 21.91kb
dist/C:/Projekt/Lugn-Trygg-main_klar/assets/js/analytics-routes-Bg1z9zR0.js.br          228.26kb / brotliCompress: 51.65kb
dist/C:/Projekt/Lugn-Trygg-main_klar/assets/js/index-50Zr9b3g.js.br                     183.44kb / brotliCompress: 62.34kb
dist/C:/Projekt/Lugn-Trygg-main_klar/assets/js/firebase-BS29P-rn.js.br                  318.98kb / brotliCompress: 59.90kb


node.exe : [31mx[39m Build failed in 7.17s
At C:\Program Files\nodejs\npm.ps1:29 char:3
+   & $NODE_EXE $NPM_CLI_JS $args
+   ~~~~~~~~~~~~~~~~~~~~~~~~~~~~~
    + CategoryInfo          : NotSpecified: ( 
   [31mx[39m Build failed in 7.17s:String)  
   [], RemoteException
    + FullyQualifiedErrorId : NativeCommandEr 
   ror
 
[31merror during build:
[31m[vite:esbuild] Transform failed with 1 er
ror:
C:/Projekt/Lugn-Trygg-main_klar/src/components
/InsightsHub.tsx:367:4: ERROR: Unexpected "exp
ort"[31m
file: [36mC:/Projekt/Lugn-Trygg-main_klar/src
/components/InsightsHub.tsx:367:4[31m
[33m
[33mUnexpected "export"[33m
365|      };
366|  
367|      export default InsightsHub;
   |      ^
368|  
369|  
[31m
    at failureErrorWithLog (C:\Projekt\Lugn-Tr
ygg-main_klar\node_modules\esbuild\lib\main.js
:1472:15)
    at C:\Projekt\Lugn-Trygg-main_klar\node_mo
dules\esbuild\lib\main.js:755:50
    at responseCallbacks.<computed> (C:\Projek
t\Lugn-Trygg-main_klar\node_modules\esbuild\li
b\main.js:622:9)
    at handleIncomingPacket (C:\Projekt\Lugn-T
rygg-main_klar\node_modules\esbuild\lib\main.j
s:677:12)
    at Socket.readFromStdout (C:\Projekt\Lugn-
Trygg-main_klar\node_modules\esbuild\lib\main.
js:600:7)
    at Socket.emit (node:events:524:28)
    at addChunk (node:internal/streams/readabl
e:561:12)
    at readableAddChunkPushByteMode (node:inte
rnal/streams/readable:512:3)
    at Readable.push (node:internal/streams/re
adable:392:5)
    at Pipe.onStreamRead (node:internal/stream
_base_commons:189:23)[39m
