src/api/api.ts(50,12): error TS1343: The 'import.meta' meta-property is only allowed when the '--module' option is 'es2020', 'es2022', 'esnext', 'system', 'node16', 'node18', 'node20', or 'nodenext'.
src/api/api.ts(50,43): error TS1343: The 'import.meta' meta-property is only allowed when the '--module' option is 'es2020', 'es2022', 'esnext', 'system', 'node16', 'node18', 'node20', or 'nodenext'.
src/api/api.ts(50,55): error TS2339: Property 'hot' does not exist on type 'ImportMeta'.
src/api/api.ts(51,3): error TS1343: The 'import.meta' meta-property is only allowed when the '--module' option is 'es2020', 'es2022', 'esnext', 'system', 'node16', 'node18', 'node20', or 'nodenext'.
src/api/api.ts(51,15): error TS2339: Property 'hot' does not exist on type 'ImportMeta'.
src/components/Recommendations.tsx(310,11): error TS2552: Cannot find name 'breathingTimer'. Did you mean 'readingTime'?
src/components/Recommendations.tsx(311,22): error TS2552: Cannot find name 'breathingTimer'. Did you mean 'readingTime'?
src/components/Recommendations.tsx(313,11): error TS2304: Cannot find name 'kbtTimer'.
src/components/Recommendations.tsx(314,23): error TS2304: Cannot find name 'kbtTimer'.
src/components/Recommendations.tsx(627,7): error TS2304: Cannot find name 'setPomodoroHistory'.
src/components/Recommendations.tsx(660,15): error TS2304: Cannot find name 'setPomodoroHistory'.
src/components/Recommendations.tsx(1265,9): error TS2552: Cannot find name 'meditationTimer'. Did you mean 'meditationTimeLeft'?
src/components/Recommendations.tsx(1266,21): error TS2304: Cannot find name 'meditationTimer'.
src/components/Recommendations.tsx(1282,5): error TS2552: Cannot find name 'setMeditationTimer'. Did you mean 'setMeditationTimeLeft'?
src/components/Recommendations.tsx(1299,7): error TS2304: Cannot find name 'setMeditationTimer'.
src/components/Recommendations.tsx(1302,11): error TS2304: Cannot find name 'meditationTimer'.
src/components/Recommendations.tsx(1303,23): error TS2304: Cannot find name 'meditationTimer'.
src/components/Recommendations.tsx(1304,9): error TS2304: Cannot find name 'setMeditationTimer'.
src/components/Recommendations.tsx(1311,9): error TS2304: Cannot find name 'meditationTimer'.
src/components/Recommendations.tsx(1312,21): error TS2304: Cannot find name 'meditationTimer'.
src/components/Recommendations.tsx(1313,7): error TS2304: Cannot find name 'setMeditationTimer'.
src/components/Recommendations.tsx(1322,5): error TS2304: Cannot find name 'setMeditationTimer'.
src/components/Recommendations.tsx(1475,34): error TS2304: Cannot find name 'setDebugMode'.
src/components/Recommendations.tsx(2602,42): error TS2304: Cannot find name 'setPomodoroSettingsOpen'.
src/components/Recommendations.tsx(2602,67): error TS2304: Cannot find name 'pomodoroSettingsOpen'.
src/components/Recommendations.tsx(2605,28): error TS2304: Cannot find name 'pomodoroSettingsOpen'.
src/components/Recommendations.tsx(2609,24): error TS2304: Cannot find name 'pomodoroSettingsOpen'.
src/components/Recommendations.tsx(2695,30): error TS2304: Cannot find name 'formatPomodoroTime'.
src/components/Recommendations.tsx(2743,20): error TS2304: Cannot find name 'pomodoroHistory'.
src/components/Recommendations.tsx(2749,26): error TS2304: Cannot find name 'pomodoroHistory'.
src/contexts/AuthContext.tsx(18,14): error TS1343: The 'import.meta' meta-property is only allowed when the '--module' option is 'es2020', 'es2022', 'esnext', 'system', 'node16', 'node18', 'node20', or 'nodenext'.
src/contexts/AuthContext.tsx(64,16): error TS1343: The 'import.meta' meta-property is only allowed when the '--module' option is 'es2020', 'es2022', 'esnext', 'system', 'node16', 'node18', 'node20', or 'nodenext'.
src/contexts/AuthContext.tsx(127,12): error TS1343: The 'import.meta' meta-property is only allowed when the '--module' option is 'es2020', 'es2022', 'esnext', 'system', 'node16', 'node18', 'node20', or 'nodenext'.
src/firebase-config.ts(12,5): error TS1343: The 'import.meta' meta-property is only allowed when the '--module' option is 'es2020', 'es2022', 'esnext', 'system', 'node16', 'node18', 'node20', or 'nodenext'.
src/firebase-config.ts(12,17): error TS2339: Property 'env' does not exist on type 'ImportMeta'.
src/firebase-config.ts(41,31): error TS1343: The 'import.meta' meta-property is only allowed when the '--module' option is 'es2020', 'es2022', 'esnext', 'system', 'node16', 'node18', 'node20', or 'nodenext'.
src/firebase-config.ts(41,43): error TS2339: Property 'env' does not exist on type 'ImportMeta'.
src/hooks/useAccessibility.ts(360,30): error TS2339: Property 'type' does not exist on type 'Element'.
src/hooks/useAccessibility.ts(361,28): error TS2345: Argument of type 'Element' is not assignable to parameter of type 'HTMLElement'.
  Type 'Element' is missing the following properties from type 'HTMLElement': accessKey, accessKeyLabel, autocapitalize, autocorrect, and 129 more.
src/services/analytics.ts(43,29): error TS1343: The 'import.meta' meta-property is only allowed when the '--module' option is 'es2020', 'es2022', 'esnext', 'system', 'node16', 'node18', 'node20', or 'nodenext'.
src/services/analytics.ts(43,41): error TS2339: Property 'env' does not exist on type 'ImportMeta'.
src/services/analytics.ts(44,27): error TS1343: The 'import.meta' meta-property is only allowed when the '--module' option is 'es2020', 'es2022', 'esnext', 'system', 'node16', 'node18', 'node20', or 'nodenext'.
src/services/analytics.ts(44,39): error TS2339: Property 'env' does not exist on type 'ImportMeta'.
src/services/analytics.ts(51,26): error TS1343: The 'import.meta' meta-property is only allowed when the '--module' option is 'es2020', 'es2022', 'esnext', 'system', 'node16', 'node18', 'node20', or 'nodenext'.
src/services/analytics.ts(51,38): error TS2339: Property 'env' does not exist on type 'ImportMeta'.
src/services/analytics.ts(51,50): error TS1343: The 'import.meta' meta-property is only allowed when the '--module' option is 'es2020', 'es2022', 'esnext', 'system', 'node16', 'node18', 'node20', or 'nodenext'.
src/services/analytics.ts(51,62): error TS2339: Property 'env' does not exist on type 'ImportMeta'.
src/services/analytics.ts(68,27): error TS2339: Property 'logEvent' does not exist on type 'unknown'.
src/services/analytics.ts(95,37): error TS2339: Property 'getSessionId' does not exist on type 'unknown'.
src/services/analytics.ts(102,27): error TS2339: Property 'logEvent' does not exist on type 'unknown'.
src/services/analytics.ts(132,27): error TS2339: Property 'setUserId' does not exist on type 'unknown'.
src/services/analytics.ts(133,27): error TS2339: Property 'setUserProperties' does not exist on type 'unknown'.
src/services/analytics.ts(138,40): error TS1343: The 'import.meta' meta-property is only allowed when the '--module' option is 'es2020', 'es2022', 'esnext', 'system', 'node16', 'node18', 'node20', or 'nodenext'.
src/services/analytics.ts(138,52): error TS2339: Property 'env' does not exist on type 'ImportMeta'.
src/services/analytics.ts(182,27): error TS2339: Property 'logEvent' does not exist on type 'unknown'.
src/services/analytics.ts(205,27): error TS2339: Property 'logEvent' does not exist on type 'unknown'.
src/services/analytics.ts(259,9): error TS2353: Object literal may only specify known properties, and 'category' does not exist in type 'ErrorContext'.
src/services/analytics.ts(363,59): error TS2345: Argument of type '{ level: string; tags: { type: string; }; contexts: { crisis: { indicators: string[]; }; }; }' is not assignable to parameter of type '"fatal" | "error" | "warning" | "info" | "debug"'.
src/services/analytics.ts(442,5): error TS2304: Cannot find name 'initializeAmplitude'.
src/services/analytics.ts(443,5): error TS2304: Cannot find name 'initializeSentry'.
src/services/analytics.ts(444,5): error TS2552: Cannot find name 'initializeFirebaseAnalytics'. Did you mean 'initializeAnalytics'?
src/utils/secureStorage.ts(52,48): error TS2769: No overload matches this call.
  Overload 1 of 2, '(format: "jwk", keyData: JsonWebKey, algorithm: AlgorithmIdentifier | RsaHashedImportParams | EcKeyImportParams | HmacImportParams | AesKeyAlgorithm, extractable: boolean, keyUsages: readonly KeyUsage[]): Promise<...>', gave the following error.
    Argument of type '"raw"' is not assignable to parameter of type '"jwk"'.
  Overload 2 of 2, '(format: "raw" | "pkcs8" | "spki", keyData: BufferSource, algorithm: AlgorithmIdentifier | RsaHashedImportParams | EcKeyImportParams | HmacImportParams | AesKeyAlgorithm, extractable: boolean, keyUsages: KeyUsage[]): Promise<...>', gave the following error.
    Argument of type 'Uint8Array<ArrayBufferLike>' is not assignable to parameter of type 'BufferSource'.
      Type 'Uint8Array<ArrayBufferLike>' is not assignable to type 'ArrayBufferView<ArrayBuffer>'.
        Types of property 'buffer' are incompatible.
          Type 'ArrayBufferLike' is not assignable to type 'ArrayBuffer'.
            Type 'SharedArrayBuffer' is not assignable to type 'ArrayBuffer'.
              Types of property '[Symbol.toStringTag]' are incompatible.
                Type '"SharedArrayBuffer"' is not assignable to type '"ArrayBuffer"'.
src/utils/secureStorage.ts(83,40): error TS2802: Type 'Uint8Array<ArrayBuffer>' can only be iterated through when using the '--downlevelIteration' flag or with a '--target' of 'es2015' or higher.
